> Task :checkKotlinGradlePluginConfigurationErrors SKIPPED
> Task :compileKotlin UP-TO-DATE
> Task :compileJava NO-SOURCE
> Task :processResources UP-TO-DATE
> Task :classes UP-TO-DATE

> Task :run
10:43:25.778 INFO  dev.kamiql.helium.demo - issuer http://localhost:90 · redirect http://localhost:8081/callback · audience helium-demo-api
10:43:26.075 INFO  io.ktor.server.Application - Autoreload is disabled because the development mode is off.
.\gradlew.bat : WARNING: A restricted method in java.lang.System has been called
At line:1 char:446
+ ... ID\examples\demo-app"; .\gradlew.bat run --console=plain 2>&1 | Tee-O ...
+                            ~~~~~~~~~~~~~~~~~~~~~~~~~~~~~~~~~~~~~~
    + CategoryInfo          : NotSpecified: (WARNING: A rest...has been called:String) [], RemoteException
    + FullyQualifiedErrorId : NativeCommandError
 
WARNING: java.lang.System::load has been called by org.fusesource.jansi.internal.JansiLoader in an unnamed module (file:/C:/Users/kradtke/.gradle/caches/modules-2/files-2.1/org.fusesource.jansi/jansi/2.4.3/c8dc6e80d4ff74b0ece025cf7efa583c49cecf70/jansi-2.4.3.jar)
WARNING: Use --enable-native-access=ALL-UNNAMED to avoid a warning for callers in this module
WARNING: Restricted methods will be blocked in a future release unless native access is enabled

10:43:26.507 INFO  io.ktor.server.Application - Application started in 0.679 seconds.
Exception in thread "main" java.net.BindException: Address already in use: bind
	at java.base/sun.nio.ch.Net.bind0(Native Method)
	at java.base/sun.nio.ch.Net.bind(Net.java:522)
	at java.base/sun.nio.ch.ServerSocketChannelImpl.netBind(ServerSocketChannelImpl.java:335)
	at java.base/sun.nio.ch.ServerSocketChannelImpl.bind(ServerSocketChannelImpl.java:297)
	at io.netty.channel.socket.nio.NioServerSocketChannel.doBind(NioServerSocketChannel.java:148)
	at io.netty.channel.AbstractChannel$AbstractUnsafe.bind(AbstractChannel.java:431)
	at io.netty.channel.DefaultChannelPipeline$HeadContext.bind(DefaultChannelPipeline.java:1353)
	at io.netty.channel.AbstractChannelHandlerContext.bind(AbstractChannelHandlerContext.java:500)
	at io.netty.channel.DefaultChannelPipeline.bind(DefaultChannelPipeline.java:994)
	at io.netty.channel.Channel.bind(Channel.java:302)
	at io.netty.bootstrap.AbstractBootstrap$1.run(AbstractBootstrap.java:381)
	at io.netty.util.concurrent.AbstractEventExecutor.runTask(AbstractEventExecutor.java:148)
	at io.netty.util.concurrent.AbstractEventExecutor.safeExecute(AbstractEventExecutor.java:141)
	at io.netty.util.concurrent.SingleThreadEventExecutor.runAllTasks(SingleThreadEventExecutor.java:535)
	at io.netty.channel.SingleThreadIoEventLoop.run(SingleThreadIoEventLoop.java:201)
	at io.netty.util.concurrent.SingleThreadEventExecutor$5.run(SingleThreadEventExecutor.java:1195)
	at io.netty.util.internal.ThreadExecutorMap$2.run(ThreadExecutorMap.java:74)
	at io.netty.util.concurrent.FastThreadLocalRunnable.run(FastThreadLocalRunnable.java:30)
	at java.base/java.lang.Thread.run(Thread.java:1474)
	Suppressed: java.util.concurrent.CompletionException: Rethrowing promise failure cause
		at io.netty.util.concurrent.DefaultPromise.rethrowIfFailed(DefaultPromise.java:686)
		at io.netty.util.concurrent.DefaultPromise.sync(DefaultPromise.java:420)
		at io.netty.channel.DefaultChannelPromise.sync(DefaultChannelPromise.java:119)
		at io.netty.channel.DefaultChannelPromise.sync(DefaultChannelPromise.java:30)
		at io.ktor.server.netty.NettyApplicationEngine.start(NettyApplicationEngine.kt:255)
		at io.ktor.server.netty.NettyApplicationEngine.start(NettyApplicationEngine.kt:38)
		at io.ktor.server.engine.EmbeddedServer.start(EmbeddedServerJvm.kt:391)
		at dev.kamiql.helium.demo.ApplicationKt.main(Application.kt:57)
		at dev.kamiql.helium.demo.ApplicationKt.main(Application.kt)

> Task :run FAILED

FAILURE: Build failed with an exception.

* What went wrong:
Execution failed for task ':run' (registered by plugin 'org.gradle.application').
> Process 'command 'C:\Users\kradtke\.jdks\temurin-25.0.4\bin\java.exe'' finished with non-zero exit value 1

* Try:
> Run with --stacktrace option to get the stack trace.
> Run with --info or --debug option to get more log output.
> Run with --scan to get full insights from a Build Scan (powered by Develocity).
> Get more help at https://help.gradle.org.

BUILD FAILED in 7s
3 actionable tasks: 1 executed, 2 up-to-date
